2026-04-24T16:18:54.220+05:30  INFO 6972 --- [usermanagment] [main] c.p.u.UsermanagmentApplication           : Starting UsermanagmentApplication using Java 21.0.8 with PID 6972 (D:\Second Project\usermanagment\target\classes started by kumar in D:\Second Project\usermanagment)
2026-04-24T16:18:54.254+05:30  INFO 6972 --- [usermanagment] [main] c.p.u.UsermanagmentApplication           : No active profile set, falling back to 1 default profile: "default"
2026-04-24T16:18:59.762+05:30  INFO 6972 --- [usermanagment] [main] .s.d.r.c.RepositoryConfigurationDelegate : Bootstrapping Spring Data JPA repositories in DEFAULT mode.
2026-04-24T16:19:00.656+05:30  INFO 6972 --- [usermanagment] [main] .s.d.r.c.RepositoryConfigurationDelegate : Finished Spring Data repository scanning in 845 ms. Found 2 JPA repository interfaces.
2026-04-24T16:19:06.221+05:30  INFO 6972 --- [usermanagment] [main] o.s.boot.tomcat.TomcatWebServer          : Tomcat initialized with port 8080 (http)
2026-04-24T16:19:06.265+05:30  INFO 6972 --- [usermanagment] [main] o.apache.catalina.core.StandardService   : Starting service [Tomcat]
2026-04-24T16:19:06.266+05:30  INFO 6972 --- [usermanagment] [main] o.apache.catalina.core.StandardEngine    : Starting Servlet engine: [Apache Tomcat/11.0.21]
2026-04-24T16:19:06.732+05:30  INFO 6972 --- [usermanagment] [main] b.w.c.s.WebApplicationContextInitializer : Root WebApplicationContext: initialization completed in 12360 ms
2026-04-24T16:19:08.767+05:30  INFO 6972 --- [usermanagment] [main] org.hibernate.orm.jpa                    : HHH008540: Processing PersistenceUnitInfo [name: default]
2026-04-24T16:19:09.018+05:30  INFO 6972 --- [usermanagment] [main] org.hibernate.orm.core                   : HHH000001: Hibernate ORM core version 7.2.12.Final
2026-04-24T16:19:10.807+05:30  INFO 6972 --- [usermanagment] [main] o.s.o.j.p.SpringPersistenceUnitInfo      : No LoadTimeWeaver setup: ignoring JPA class transformer
2026-04-24T16:19:10.887+05:30  INFO 6972 --- [usermanagment] [main] com.zaxxer.hikari.HikariDataSource       : HikariPool-1 - Starting...
2026-04-24T16:19:12.406+05:30  INFO 6972 --- [usermanagment] [main] com.zaxxer.hikari.pool.HikariPool        : HikariPool-1 - Added connection com.mysql.cj.jdbc.ConnectionImpl@5400db7e
2026-04-24T16:19:12.417+05:30  INFO 6972 --- [usermanagment] [main] com.zaxxer.hikari.HikariDataSource       : HikariPool-1 - Start completed.
2026-04-24T16:19:12.684+05:30  WARN 6972 --- [usermanagment] [main] org.hibernate.orm.deprecation            : HHH90000025: MySQLDialect does not need to be specified explicitly using 'hibernate.dialect' (remove the property setting and it will be selected by default)
2026-04-24T16:19:12.793+05:30  INFO 6972 --- [usermanagment] [main] org.hibernate.orm.connections.pooling    : HHH10001005: Database info:
	Database JDBC URL [jdbc:mysql://localhost:3306/flightbooking]
	Database driver: MySQL Connector/J
	Database dialect: MySQLDialect
	Database version: 8.0.44
	Default catalog/schema: flightbooking/undefined
	Autocommit mode: undefined/unknown
	Isolation level: REPEATABLE_READ [default REPEATABLE_READ]
	JDBC fetch size: none
	Pool: DataSourceConnectionProvider
	Minimum pool size: undefined/unknown
	Maximum pool size: undefined/unknown
2026-04-24T16:19:14.737+05:30  INFO 6972 --- [usermanagment] [main] org.hibernate.orm.core                   : HHH000489: No JTA platform available (set 'hibernate.transaction.jta.platform' to enable JTA platform integration)
2026-04-24T16:19:15.084+05:30  INFO 6972 --- [usermanagment] [main] j.LocalContainerEntityManagerFactoryBean : Initialized JPA EntityManagerFactory for persistence unit 'default'
2026-04-24T16:19:15.191+05:30  INFO 6972 --- [usermanagment] [main] o.s.d.j.r.query.QueryEnhancerFactories   : Hibernate is in classpath; If applicable, HQL parser will be used.
2026-04-24T16:19:16.991+05:30  WARN 6972 --- [usermanagment] [main] JpaBaseConfiguration$JpaWebConfiguration : spring.jpa.open-in-view is enabled by default. Therefore, database queries may be performed during view rendering. Explicitly configure spring.jpa.open-in-view to disable this warning
2026-04-24T16:19:17.212+05:30  INFO 6972 --- [usermanagment] [main] eAuthenticationProviderManagerConfigurer : Global AuthenticationManager configured with AuthenticationProvider bean with name authenticationProvider
2026-04-24T16:19:17.213+05:30  WARN 6972 --- [usermanagment] [main] r$InitializeUserDetailsManagerConfigurer : Global AuthenticationManager configured with an AuthenticationProvider bean. UserDetailsService beans will not be used by Spring Security for automatically configuring username/password login. Consider removing the AuthenticationProvider bean. Alternatively, consider using the UserDetailsService in a manually instantiated DaoAuthenticationProvider. If the current configuration is intentional, to turn off this warning, increase the logging level of 'org.springframework.security.config.annotation.authentication.configuration.InitializeUserDetailsBeanManagerConfigurer' to ERROR
2026-04-24T16:19:19.358+05:30  INFO 6972 --- [usermanagment] [main] o.s.b.a.e.web.EndpointLinksResolver      : Exposing 1 endpoint beneath base path '/actuator'
2026-04-24T16:19:19.480+05:30  WARN 6972 --- [usermanagment] [main] ConfigServletWebServerApplicationContext : Exception encountered during context initialization - cancelling refresh attempt: org.springframework.context.ApplicationContextException: Failed to start bean 'webServerStartStop'
2026-04-24T16:19:19.486+05:30  INFO 6972 --- [usermanagment] [main] j.LocalContainerEntityManagerFactoryBean : Closing JPA EntityManagerFactory for persistence unit 'default'
2026-04-24T16:19:19.497+05:30  INFO 6972 --- [usermanagment] [main] com.zaxxer.hikari.HikariDataSource       : HikariPool-1 - Shutdown initiated...
2026-04-24T16:19:19.515+05:30  INFO 6972 --- [usermanagment] [main] com.zaxxer.hikari.HikariDataSource       : HikariPool-1 - Shutdown completed.
2026-04-24T16:19:19.548+05:30  INFO 6972 --- [usermanagment] [main] .s.b.a.l.ConditionEvaluationReportLogger : 

Error starting ApplicationContext. To display the condition evaluation report re-run your application with 'debug' enabled.
2026-04-24T16:19:19.565+05:30 ERROR 6972 --- [usermanagment] [main] o.s.b.d.LoggingFailureAnalysisReporter   : 

***************************
APPLICATION FAILED TO START
***************************

Description:

Web server failed to start. Port 8080 was already in use.

Action:

Identify and stop the process that's listening on port 8080 or configure this application to listen on another port.

2026-04-24T16:21:44.715+05:30  INFO 20048 --- [usermanagment] [main] c.p.u.UsermanagmentApplication           : Starting UsermanagmentApplication using Java 21.0.8 with PID 20048 (D:\Second Project\usermanagment\target\classes started by kumar in D:\Second Project\usermanagment)
2026-04-24T16:21:44.718+05:30  INFO 20048 --- [usermanagment] [main] c.p.u.UsermanagmentApplication           : No active profile set, falling back to 1 default profile: "default"
2026-04-24T16:21:47.122+05:30  INFO 20048 --- [usermanagment] [main] .s.d.r.c.RepositoryConfigurationDelegate : Bootstrapping Spring Data JPA repositories in DEFAULT mode.
2026-04-24T16:21:47.402+05:30  INFO 20048 --- [usermanagment] [main] .s.d.r.c.RepositoryConfigurationDelegate : Finished Spring Data repository scanning in 199 ms. Found 2 JPA repository interfaces.
2026-04-24T16:21:49.778+05:30  INFO 20048 --- [usermanagment] [main] o.s.boot.tomcat.TomcatWebServer          : Tomcat initialized with port 8080 (http)
2026-04-24T16:21:49.807+05:30  INFO 20048 --- [usermanagment] [main] o.apache.catalina.core.StandardService   : Starting service [Tomcat]
2026-04-24T16:21:49.809+05:30  INFO 20048 --- [usermanagment] [main] o.apache.catalina.core.StandardEngine    : Starting Servlet engine: [Apache Tomcat/11.0.21]
2026-04-24T16:21:50.126+05:30  INFO 20048 --- [usermanagment] [main] b.w.c.s.WebApplicationContextInitializer : Root WebApplicationContext: initialization completed in 5339 ms
2026-04-24T16:21:50.987+05:30  INFO 20048 --- [usermanagment] [main] org.hibernate.orm.jpa                    : HHH008540: Processing PersistenceUnitInfo [name: default]
2026-04-24T16:21:51.039+05:30  INFO 20048 --- [usermanagment] [main] org.hibernate.orm.core                   : HHH000001: Hibernate ORM core version 7.2.12.Final
2026-04-24T16:21:51.567+05:30  INFO 20048 --- [usermanagment] [main] o.s.o.j.p.SpringPersistenceUnitInfo      : No LoadTimeWeaver setup: ignoring JPA class transformer
2026-04-24T16:21:51.617+05:30  INFO 20048 --- [usermanagment] [main] com.zaxxer.hikari.HikariDataSource       : HikariPool-1 - Starting...
2026-04-24T16:21:52.047+05:30  INFO 20048 --- [usermanagment] [main] com.zaxxer.hikari.pool.HikariPool        : HikariPool-1 - Added connection com.mysql.cj.jdbc.ConnectionImpl@5f14590c
2026-04-24T16:21:52.049+05:30  INFO 20048 --- [usermanagment] [main] com.zaxxer.hikari.HikariDataSource       : HikariPool-1 - Start completed.
2026-04-24T16:21:52.128+05:30  WARN 20048 --- [usermanagment] [main] org.hibernate.orm.deprecation            : HHH90000025: MySQLDialect does not need to be specified explicitly using 'hibernate.dialect' (remove the property setting and it will be selected by default)
2026-04-24T16:21:52.153+05:30  INFO 20048 --- [usermanagment] [main] org.hibernate.orm.connections.pooling    : HHH10001005: Database info:
	Database JDBC URL [jdbc:mysql://localhost:3306/flightbooking]
	Database driver: MySQL Connector/J
	Database dialect: MySQLDialect
	Database version: 8.0.44
	Default catalog/schema: flightbooking/undefined
	Autocommit mode: undefined/unknown
	Isolation level: REPEATABLE_READ [default REPEATABLE_READ]
	JDBC fetch size: none
	Pool: DataSourceConnectionProvider
	Minimum pool size: undefined/unknown
	Maximum pool size: undefined/unknown
2026-04-24T16:21:53.609+05:30  INFO 20048 --- [usermanagment] [main] org.hibernate.orm.core                   : HHH000489: No JTA platform available (set 'hibernate.transaction.jta.platform' to enable JTA platform integration)
2026-04-24T16:21:53.733+05:30  INFO 20048 --- [usermanagment] [main] j.LocalContainerEntityManagerFactoryBean : Initialized JPA EntityManagerFactory for persistence unit 'default'
2026-04-24T16:21:53.940+05:30  INFO 20048 --- [usermanagment] [main] o.s.d.j.r.query.QueryEnhancerFactories   : Hibernate is in classpath; If applicable, HQL parser will be used.
2026-04-24T16:21:55.791+05:30  WARN 20048 --- [usermanagment] [main] JpaBaseConfiguration$JpaWebConfiguration : spring.jpa.open-in-view is enabled by default. Therefore, database queries may be performed during view rendering. Explicitly configure spring.jpa.open-in-view to disable this warning
2026-04-24T16:21:56.005+05:30  INFO 20048 --- [usermanagment] [main] eAuthenticationProviderManagerConfigurer : Global AuthenticationManager configured with AuthenticationProvider bean with name authenticationProvider
2026-04-24T16:21:56.006+05:30  WARN 20048 --- [usermanagment] [main] r$InitializeUserDetailsManagerConfigurer : Global AuthenticationManager configured with an AuthenticationProvider bean. UserDetailsService beans will not be used by Spring Security for automatically configuring username/password login. Consider removing the AuthenticationProvider bean. Alternatively, consider using the UserDetailsService in a manually instantiated DaoAuthenticationProvider. If the current configuration is intentional, to turn off this warning, increase the logging level of 'org.springframework.security.config.annotation.authentication.configuration.InitializeUserDetailsBeanManagerConfigurer' to ERROR
2026-04-24T16:21:57.921+05:30  INFO 20048 --- [usermanagment] [main] o.s.b.a.e.web.EndpointLinksResolver      : Exposing 1 endpoint beneath base path '/actuator'
2026-04-24T16:21:58.031+05:30  INFO 20048 --- [usermanagment] [main] o.s.boot.tomcat.TomcatWebServer          : Tomcat started on port 8080 (http) with context path '/'
2026-04-24T16:21:58.044+05:30  INFO 20048 --- [usermanagment] [main] c.p.u.UsermanagmentApplication           : Started UsermanagmentApplication in 13.993 seconds (process running for 14.953)
2026-04-24T16:21:58.052+05:30  WARN 20048 --- [usermanagment] [main] o.s.core.events.SpringDocAppInitializer  : SpringDoc /v3/api-docs endpoint is enabled by default. To disable it in production, set the property 'springdoc.api-docs.enabled=false'
2026-04-24T16:21:58.052+05:30  WARN 20048 --- [usermanagment] [main] o.s.core.events.SpringDocAppInitializer  : SpringDoc /swagger-ui.html endpoint is enabled by default. To disable it in production, set the property 'springdoc.swagger-ui.enabled=false'
2026-04-24T16:21:59.313+05:30  INFO 20048 --- [usermanagment] [RMI TCP Connection(2)-127.0.0.1] o.a.c.c.C.[Tomcat].[localhost].[/]       : Initializing Spring DispatcherServlet 'dispatcherServlet'
2026-04-24T16:21:59.313+05:30  INFO 20048 --- [usermanagment] [RMI TCP Connection(2)-127.0.0.1] o.s.web.servlet.DispatcherServlet        : Initializing Servlet 'dispatcherServlet'
2026-04-24T16:21:59.316+05:30  INFO 20048 --- [usermanagment] [RMI TCP Connection(2)-127.0.0.1] o.s.web.servlet.DispatcherServlet        : Completed initialization in 2 ms
2026-04-24T16:22:29.994+05:30  INFO 20048 --- [usermanagment] [http-nio-8080-exec-9] o.springdoc.api.AbstractOpenApiResource  : Init duration for springdoc-openapi is: 1186 ms
2026-04-24T16:24:19.532+05:30  INFO 20048 --- [usermanagment] [http-nio-8080-exec-4] c.p.u.c.U.publicUserController           : Login attempt for: priya.verma@example.com
2026-04-24T16:26:53.984+05:30  INFO 12984 --- [usermanagment] [main] c.p.u.UsermanagmentApplication           : Starting UsermanagmentApplication using Java 21.0.8 with PID 12984 (D:\Second Project\usermanagment\target\classes started by kumar in D:\Second Project\usermanagment)
2026-04-24T16:26:53.989+05:30  INFO 12984 --- [usermanagment] [main] c.p.u.UsermanagmentApplication           : No active profile set, falling back to 1 default profile: "default"
2026-04-24T16:26:55.981+05:30  INFO 12984 --- [usermanagment] [main] .s.d.r.c.RepositoryConfigurationDelegate : Bootstrapping Spring Data JPA repositories in DEFAULT mode.
2026-04-24T16:26:56.042+05:30  INFO 12984 --- [usermanagment] [main] .s.d.r.c.RepositoryConfigurationDelegate : Finished Spring Data repository scanning in 50 ms. Found 2 JPA repository interfaces.
2026-04-24T16:26:57.752+05:30  INFO 12984 --- [usermanagment] [main] o.s.boot.tomcat.TomcatWebServer          : Tomcat initialized with port 8080 (http)
2026-04-24T16:26:57.778+05:30  INFO 12984 --- [usermanagment] [main] o.apache.catalina.core.StandardService   : Starting service [Tomcat]
2026-04-24T16:26:57.778+05:30  INFO 12984 --- [usermanagment] [main] o.apache.catalina.core.StandardEngine    : Starting Servlet engine: [Apache Tomcat/11.0.21]
2026-04-24T16:26:57.907+05:30  INFO 12984 --- [usermanagment] [main] b.w.c.s.WebApplicationContextInitializer : Root WebApplicationContext: initialization completed in 3860 ms
2026-04-24T16:26:58.737+05:30  INFO 12984 --- [usermanagment] [main] org.hibernate.orm.jpa                    : HHH008540: Processing PersistenceUnitInfo [name: default]
2026-04-24T16:26:58.889+05:30  INFO 12984 --- [usermanagment] [main] org.hibernate.orm.core                   : HHH000001: Hibernate ORM core version 7.2.12.Final
2026-04-24T16:26:59.491+05:30  INFO 12984 --- [usermanagment] [main] o.s.o.j.p.SpringPersistenceUnitInfo      : No LoadTimeWeaver setup: ignoring JPA class transformer
2026-04-24T16:26:59.538+05:30  INFO 12984 --- [usermanagment] [main] com.zaxxer.hikari.HikariDataSource       : HikariPool-1 - Starting...
2026-04-24T16:26:59.945+05:30  INFO 12984 --- [usermanagment] [main] com.zaxxer.hikari.pool.HikariPool        : HikariPool-1 - Added connection com.mysql.cj.jdbc.ConnectionImpl@2175d53f
2026-04-24T16:26:59.947+05:30  INFO 12984 --- [usermanagment] [main] com.zaxxer.hikari.HikariDataSource       : HikariPool-1 - Start completed.
2026-04-24T16:27:00.012+05:30  WARN 12984 --- [usermanagment] [main] org.hibernate.orm.deprecation            : HHH90000025: MySQLDialect does not need to be specified explicitly using 'hibernate.dialect' (remove the property setting and it will be selected by default)
2026-04-24T16:27:00.034+05:30  INFO 12984 --- [usermanagment] [main] org.hibernate.orm.connections.pooling    : HHH10001005: Database info:
	Database JDBC URL [jdbc:mysql://localhost:3306/flightbooking]
	Database driver: MySQL Connector/J
	Database dialect: MySQLDialect
	Database version: 8.0.44
	Default catalog/schema: flightbooking/undefined
	Autocommit mode: undefined/unknown
	Isolation level: REPEATABLE_READ [default REPEATABLE_READ]
	JDBC fetch size: none
	Pool: DataSourceConnectionProvider
	Minimum pool size: undefined/unknown
	Maximum pool size: undefined/unknown
2026-04-24T16:27:01.151+05:30  INFO 12984 --- [usermanagment] [main] org.hibernate.orm.core                   : HHH000489: No JTA platform available (set 'hibernate.transaction.jta.platform' to enable JTA platform integration)
2026-04-24T16:27:01.266+05:30  INFO 12984 --- [usermanagment] [main] j.LocalContainerEntityManagerFactoryBean : Initialized JPA EntityManagerFactory for persistence unit 'default'
2026-04-24T16:27:01.347+05:30  INFO 12984 --- [usermanagment] [main] o.s.d.j.r.query.QueryEnhancerFactories   : Hibernate is in classpath; If applicable, HQL parser will be used.
2026-04-24T16:27:02.682+05:30  WARN 12984 --- [usermanagment] [main] JpaBaseConfiguration$JpaWebConfiguration : spring.jpa.open-in-view is enabled by default. Therefore, database queries may be performed during view rendering. Explicitly configure spring.jpa.open-in-view to disable this warning
2026-04-24T16:27:02.799+05:30  INFO 12984 --- [usermanagment] [main] eAuthenticationProviderManagerConfigurer : Global AuthenticationManager configured with AuthenticationProvider bean with name authenticationProvider
2026-04-24T16:27:02.800+05:30  WARN 12984 --- [usermanagment] [main] r$InitializeUserDetailsManagerConfigurer : Global AuthenticationManager configured with an AuthenticationProvider bean. UserDetailsService beans will not be used by Spring Security for automatically configuring username/password login. Consider removing the AuthenticationProvider bean. Alternatively, consider using the UserDetailsService in a manually instantiated DaoAuthenticationProvider. If the current configuration is intentional, to turn off this warning, increase the logging level of 'org.springframework.security.config.annotation.authentication.configuration.InitializeUserDetailsBeanManagerConfigurer' to ERROR
2026-04-24T16:27:04.327+05:30  INFO 12984 --- [usermanagment] [main] o.s.b.a.e.web.EndpointLinksResolver      : Exposing 1 endpoint beneath base path '/actuator'
2026-04-24T16:27:04.482+05:30  INFO 12984 --- [usermanagment] [main] o.s.boot.tomcat.TomcatWebServer          : Tomcat started on port 8080 (http) with context path '/'
2026-04-24T16:27:04.495+05:30  INFO 12984 --- [usermanagment] [main] c.p.u.UsermanagmentApplication           : Started UsermanagmentApplication in 11.079 seconds (process running for 11.954)
2026-04-24T16:27:04.505+05:30  WARN 12984 --- [usermanagment] [main] o.s.core.events.SpringDocAppInitializer  : SpringDoc /v3/api-docs endpoint is enabled by default. To disable it in production, set the property 'springdoc.api-docs.enabled=false'
2026-04-24T16:27:04.506+05:30  WARN 12984 --- [usermanagment] [main] o.s.core.events.SpringDocAppInitializer  : SpringDoc /swagger-ui.html endpoint is enabled by default. To disable it in production, set the property 'springdoc.swagger-ui.enabled=false'
2026-04-24T16:27:05.718+05:30  INFO 12984 --- [usermanagment] [RMI TCP Connection(2)-127.0.0.1] o.a.c.c.C.[Tomcat].[localhost].[/]       : Initializing Spring DispatcherServlet 'dispatcherServlet'
2026-04-24T16:27:05.720+05:30  INFO 12984 --- [usermanagment] [RMI TCP Connection(2)-127.0.0.1] o.s.web.servlet.DispatcherServlet        : Initializing Servlet 'dispatcherServlet'
2026-04-24T16:27:05.722+05:30  INFO 12984 --- [usermanagment] [RMI TCP Connection(2)-127.0.0.1] o.s.web.servlet.DispatcherServlet        : Completed initialization in 2 ms
2026-04-24T16:27:19.571+05:30  INFO 12984 --- [usermanagment] [http-nio-8080-exec-3] o.springdoc.api.AbstractOpenApiResource  : Init duration for springdoc-openapi is: 1006 ms
2026-04-24T16:27:27.395+05:30  INFO 12984 --- [usermanagment] [http-nio-8080-exec-2] c.p.u.c.U.publicUserController           : Login attempt for: priya.verma@example.com
2026-04-24T16:28:11.837+05:30  INFO 12984 --- [usermanagment] [http-nio-8080-exec-1] c.p.u.c.U.privateUserController          : User account deactivated for email : priya.verma@example.com
2026-04-24T16:28:44.705+05:30  INFO 12984 --- [usermanagment] [http-nio-8080-exec-7] c.p.u.s.UserService.PublicUserService    : Restore token for priya.verma@example.com: ef4b75e7-0e43-4c11-becb-67381b6fa79b
2026-04-24T16:41:02.900+05:30  INFO 14260 --- [usermanagment] [main] c.p.u.UsermanagmentApplication           : Starting UsermanagmentApplication using Java 21.0.8 with PID 14260 (D:\Second Project\usermanagment\target\classes started by kumar in D:\Second Project\usermanagment)
2026-04-24T16:41:02.903+05:30  INFO 14260 --- [usermanagment] [main] c.p.u.UsermanagmentApplication           : No active profile set, falling back to 1 default profile: "default"
2026-04-24T16:41:04.900+05:30  INFO 14260 --- [usermanagment] [main] .s.d.r.c.RepositoryConfigurationDelegate : Bootstrapping Spring Data JPA repositories in DEFAULT mode.
2026-04-24T16:41:04.963+05:30  INFO 14260 --- [usermanagment] [main] .s.d.r.c.RepositoryConfigurationDelegate : Finished Spring Data repository scanning in 52 ms. Found 2 JPA repository interfaces.
2026-04-24T16:41:07.244+05:30  INFO 14260 --- [usermanagment] [main] o.s.boot.tomcat.TomcatWebServer          : Tomcat initialized with port 8080 (http)
2026-04-24T16:41:07.303+05:30  INFO 14260 --- [usermanagment] [main] o.apache.catalina.core.StandardService   : Starting service [Tomcat]
2026-04-24T16:41:07.307+05:30  INFO 14260 --- [usermanagment] [main] o.apache.catalina.core.StandardEngine    : Starting Servlet engine: [Apache Tomcat/11.0.21]
2026-04-24T16:41:07.577+05:30  INFO 14260 --- [usermanagment] [main] b.w.c.s.WebApplicationContextInitializer : Root WebApplicationContext: initialization completed in 4608 ms
2026-04-24T16:41:08.701+05:30  INFO 14260 --- [usermanagment] [main] org.hibernate.orm.jpa                    : HHH008540: Processing PersistenceUnitInfo [name: default]
2026-04-24T16:41:08.751+05:30  INFO 14260 --- [usermanagment] [main] org.hibernate.orm.core                   : HHH000001: Hibernate ORM core version 7.2.12.Final
2026-04-24T16:41:09.226+05:30  INFO 14260 --- [usermanagment] [main] o.s.o.j.p.SpringPersistenceUnitInfo      : No LoadTimeWeaver setup: ignoring JPA class transformer
2026-04-24T16:41:09.255+05:30  INFO 14260 --- [usermanagment] [main] com.zaxxer.hikari.HikariDataSource       : HikariPool-1 - Starting...
2026-04-24T16:41:09.706+05:30  INFO 14260 --- [usermanagment] [main] com.zaxxer.hikari.pool.HikariPool        : HikariPool-1 - Added connection com.mysql.cj.jdbc.ConnectionImpl@254d8ef6
2026-04-24T16:41:09.719+05:30  INFO 14260 --- [usermanagment] [main] com.zaxxer.hikari.HikariDataSource       : HikariPool-1 - Start completed.
2026-04-24T16:41:09.868+05:30  WARN 14260 --- [usermanagment] [main] org.hibernate.orm.deprecation            : HHH90000025: MySQLDialect does not need to be specified explicitly using 'hibernate.dialect' (remove the property setting and it will be selected by default)
2026-04-24T16:41:09.889+05:30  INFO 14260 --- [usermanagment] [main] org.hibernate.orm.connections.pooling    : HHH10001005: Database info:
	Database JDBC URL [jdbc:mysql://localhost:3306/flightbooking]
	Database driver: MySQL Connector/J
	Database dialect: MySQLDialect
	Database version: 8.0.44
	Default catalog/schema: flightbooking/undefined
	Autocommit mode: undefined/unknown
	Isolation level: REPEATABLE_READ [default REPEATABLE_READ]
	JDBC fetch size: none
	Pool: DataSourceConnectionProvider
	Minimum pool size: undefined/unknown
	Maximum pool size: undefined/unknown
2026-04-24T16:41:11.209+05:30  INFO 14260 --- [usermanagment] [main] org.hibernate.orm.core                   : HHH000489: No JTA platform available (set 'hibernate.transaction.jta.platform' to enable JTA platform integration)
2026-04-24T16:41:11.334+05:30  INFO 14260 --- [usermanagment] [main] j.LocalContainerEntityManagerFactoryBean : Initialized JPA EntityManagerFactory for persistence unit 'default'
2026-04-24T16:41:11.527+05:30  INFO 14260 --- [usermanagment] [main] o.s.d.j.r.query.QueryEnhancerFactories   : Hibernate is in classpath; If applicable, HQL parser will be used.
2026-04-24T16:41:13.206+05:30  WARN 14260 --- [usermanagment] [main] JpaBaseConfiguration$JpaWebConfiguration : spring.jpa.open-in-view is enabled by default. Therefore, database queries may be performed during view rendering. Explicitly configure spring.jpa.open-in-view to disable this warning
2026-04-24T16:41:13.363+05:30  INFO 14260 --- [usermanagment] [main] eAuthenticationProviderManagerConfigurer : Global AuthenticationManager configured with AuthenticationProvider bean with name authenticationProvider
2026-04-24T16:41:13.364+05:30  WARN 14260 --- [usermanagment] [main] r$InitializeUserDetailsManagerConfigurer : Global AuthenticationManager configured with an AuthenticationProvider bean. UserDetailsService beans will not be used by Spring Security for automatically configuring username/password login. Consider removing the AuthenticationProvider bean. Alternatively, consider using the UserDetailsService in a manually instantiated DaoAuthenticationProvider. If the current configuration is intentional, to turn off this warning, increase the logging level of 'org.springframework.security.config.annotation.authentication.configuration.InitializeUserDetailsBeanManagerConfigurer' to ERROR
2026-04-24T16:41:15.046+05:30  INFO 14260 --- [usermanagment] [main] o.s.b.a.e.web.EndpointLinksResolver      : Exposing 1 endpoint beneath base path '/actuator'
2026-04-24T16:41:15.141+05:30  INFO 14260 --- [usermanagment] [main] o.s.boot.tomcat.TomcatWebServer          : Tomcat started on port 8080 (http) with context path '/'
2026-04-24T16:41:15.152+05:30  INFO 14260 --- [usermanagment] [main] c.p.u.UsermanagmentApplication           : Started UsermanagmentApplication in 12.839 seconds (process running for 13.627)
2026-04-24T16:41:15.159+05:30  WARN 14260 --- [usermanagment] [main] o.s.core.events.SpringDocAppInitializer  : SpringDoc /v3/api-docs endpoint is enabled by default. To disable it in production, set the property 'springdoc.api-docs.enabled=false'
2026-04-24T16:41:15.160+05:30  WARN 14260 --- [usermanagment] [main] o.s.core.events.SpringDocAppInitializer  : SpringDoc /swagger-ui.html endpoint is enabled by default. To disable it in production, set the property 'springdoc.swagger-ui.enabled=false'
2026-04-24T16:41:17.679+05:30  INFO 14260 --- [usermanagment] [RMI TCP Connection(2)-127.0.0.1] o.a.c.c.C.[Tomcat].[localhost].[/]       : Initializing Spring DispatcherServlet 'dispatcherServlet'
2026-04-24T16:41:17.680+05:30  INFO 14260 --- [usermanagment] [RMI TCP Connection(2)-127.0.0.1] o.s.web.servlet.DispatcherServlet        : Initializing Servlet 'dispatcherServlet'
2026-04-24T16:41:17.682+05:30  INFO 14260 --- [usermanagment] [RMI TCP Connection(2)-127.0.0.1] o.s.web.servlet.DispatcherServlet        : Completed initialization in 2 ms
2026-04-24T16:41:36.161+05:30  INFO 14260 --- [usermanagment] [http-nio-8080-exec-9] o.springdoc.api.AbstractOpenApiResource  : Init duration for springdoc-openapi is: 1098 ms
2026-04-24T16:41:49.039+05:30  INFO 14260 --- [usermanagment] [http-nio-8080-exec-10] c.p.u.c.U.publicUserController           : Login attempt for: priya.verma@example.com
2026-04-24T16:42:10.521+05:30  INFO 14260 --- [usermanagment] [http-nio-8080-exec-1] c.p.u.c.U.privateUserController          : User account deactivated for email: priya.verma@example.com
2026-04-24T16:42:17.076+05:30  INFO 14260 --- [usermanagment] [http-nio-8080-exec-2] c.p.u.c.U.publicUserController           : Login attempt for: priya.verma@example.com
2026-04-24T16:42:42.901+05:30  INFO 14260 --- [usermanagment] [http-nio-8080-exec-8] c.p.u.s.UserService.PublicUserService    : Restore token for priya.verma@example.com: a677d02f-fdba-4688-8079-3a6d5078027c
2026-04-24T17:01:20.570+05:30  WARN 14260 --- [usermanagment] [HikariPool-1:housekeeper] com.zaxxer.hikari.pool.HikariPool        : HikariPool-1 - Thread starvation or clock leap detected (housekeeper delta=12m10s621ms931µs600ns).
2026-04-24T17:37:12.161+05:30  INFO 22888 --- [usermanagment] [main] c.p.u.UsermanagmentApplication           : Starting UsermanagmentApplication using Java 21.0.8 with PID 22888 (D:\Second Project\usermanagment\target\classes started by kumar in D:\Second Project\usermanagment)
2026-04-24T17:37:12.164+05:30  INFO 22888 --- [usermanagment] [main] c.p.u.UsermanagmentApplication           : No active profile set, falling back to 1 default profile: "default"
2026-04-24T17:37:13.716+05:30  INFO 22888 --- [usermanagment] [main] .s.d.r.c.RepositoryConfigurationDelegate : Bootstrapping Spring Data JPA repositories in DEFAULT mode.
2026-04-24T17:37:13.784+05:30  INFO 22888 --- [usermanagment] [main] .s.d.r.c.RepositoryConfigurationDelegate : Finished Spring Data repository scanning in 51 ms. Found 2 JPA repository interfaces.
2026-04-24T17:37:15.296+05:30  INFO 22888 --- [usermanagment] [main] o.s.boot.tomcat.TomcatWebServer          : Tomcat initialized with port 8080 (http)
2026-04-24T17:37:15.335+05:30  INFO 22888 --- [usermanagment] [main] o.apache.catalina.core.StandardService   : Starting service [Tomcat]
2026-04-24T17:37:15.337+05:30  INFO 22888 --- [usermanagment] [main] o.apache.catalina.core.StandardEngine    : Starting Servlet engine: [Apache Tomcat/11.0.21]
2026-04-24T17:37:15.491+05:30  INFO 22888 --- [usermanagment] [main] b.w.c.s.WebApplicationContextInitializer : Root WebApplicationContext: initialization completed in 3274 ms
2026-04-24T17:37:16.069+05:30  INFO 22888 --- [usermanagment] [main] org.hibernate.orm.jpa                    : HHH008540: Processing PersistenceUnitInfo [name: default]
2026-04-24T17:37:16.127+05:30  INFO 22888 --- [usermanagment] [main] org.hibernate.orm.core                   : HHH000001: Hibernate ORM core version 7.2.12.Final
2026-04-24T17:37:16.460+05:30  INFO 22888 --- [usermanagment] [main] o.s.o.j.p.SpringPersistenceUnitInfo      : No LoadTimeWeaver setup: ignoring JPA class transformer
2026-04-24T17:37:16.495+05:30  INFO 22888 --- [usermanagment] [main] com.zaxxer.hikari.HikariDataSource       : HikariPool-1 - Starting...
2026-04-24T17:37:16.801+05:30  INFO 22888 --- [usermanagment] [main] com.zaxxer.hikari.pool.HikariPool        : HikariPool-1 - Added connection com.mysql.cj.jdbc.ConnectionImpl@1a73f3d1
2026-04-24T17:37:16.802+05:30  INFO 22888 --- [usermanagment] [main] com.zaxxer.hikari.HikariDataSource       : HikariPool-1 - Start completed.
2026-04-24T17:37:16.860+05:30  WARN 22888 --- [usermanagment] [main] org.hibernate.orm.deprecation            : HHH90000025: MySQLDialect does not need to be specified explicitly using 'hibernate.dialect' (remove the property setting and it will be selected by default)
2026-04-24T17:37:16.877+05:30  INFO 22888 --- [usermanagment] [main] org.hibernate.orm.connections.pooling    : HHH10001005: Database info:
	Database JDBC URL [jdbc:mysql://localhost:3306/flightbooking]
	Database driver: MySQL Connector/J
	Database dialect: MySQLDialect
	Database version: 8.0.44
	Default catalog/schema: flightbooking/undefined
	Autocommit mode: undefined/unknown
	Isolation level: REPEATABLE_READ [default REPEATABLE_READ]
	JDBC fetch size: none
	Pool: DataSourceConnectionProvider
	Minimum pool size: undefined/unknown
	Maximum pool size: undefined/unknown
2026-04-24T17:37:17.801+05:30  INFO 22888 --- [usermanagment] [main] org.hibernate.orm.core                   : HHH000489: No JTA platform available (set 'hibernate.transaction.jta.platform' to enable JTA platform integration)
2026-04-24T17:37:17.999+05:30  INFO 22888 --- [usermanagment] [main] j.LocalContainerEntityManagerFactoryBean : Initialized JPA EntityManagerFactory for persistence unit 'default'
2026-04-24T17:37:18.060+05:30  INFO 22888 --- [usermanagment] [main] o.s.d.j.r.query.QueryEnhancerFactories   : Hibernate is in classpath; If applicable, HQL parser will be used.
2026-04-24T17:37:19.379+05:30  WARN 22888 --- [usermanagment] [main] JpaBaseConfiguration$JpaWebConfiguration : spring.jpa.open-in-view is enabled by default. Therefore, database queries may be performed during view rendering. Explicitly configure spring.jpa.open-in-view to disable this warning
2026-04-24T17:37:19.500+05:30  INFO 22888 --- [usermanagment] [main] eAuthenticationProviderManagerConfigurer : Global AuthenticationManager configured with AuthenticationProvider bean with name authenticationProvider
2026-04-24T17:37:19.501+05:30  WARN 22888 --- [usermanagment] [main] r$InitializeUserDetailsManagerConfigurer : Global AuthenticationManager configured with an AuthenticationProvider bean. UserDetailsService beans will not be used by Spring Security for automatically configuring username/password login. Consider removing the AuthenticationProvider bean. Alternatively, consider using the UserDetailsService in a manually instantiated DaoAuthenticationProvider. If the current configuration is intentional, to turn off this warning, increase the logging level of 'org.springframework.security.config.annotation.authentication.configuration.InitializeUserDetailsBeanManagerConfigurer' to ERROR
2026-04-24T17:37:20.500+05:30  INFO 22888 --- [usermanagment] [main] o.s.b.a.e.web.EndpointLinksResolver      : Exposing 1 endpoint beneath base path '/actuator'
2026-04-24T17:37:20.587+05:30  INFO 22888 --- [usermanagment] [main] o.s.boot.tomcat.TomcatWebServer          : Tomcat started on port 8080 (http) with context path '/'
2026-04-24T17:37:20.596+05:30  INFO 22888 --- [usermanagment] [main] c.p.u.UsermanagmentApplication           : Started UsermanagmentApplication in 8.96 seconds (process running for 9.789)
2026-04-24T17:37:20.603+05:30  WARN 22888 --- [usermanagment] [main] o.s.core.events.SpringDocAppInitializer  : SpringDoc /v3/api-docs endpoint is enabled by default. To disable it in production, set the property 'springdoc.api-docs.enabled=false'
2026-04-24T17:37:20.603+05:30  WARN 22888 --- [usermanagment] [main] o.s.core.events.SpringDocAppInitializer  : SpringDoc /swagger-ui.html endpoint is enabled by default. To disable it in production, set the property 'springdoc.swagger-ui.enabled=false'
2026-04-24T17:37:20.766+05:30  INFO 22888 --- [usermanagment] [RMI TCP Connection(2)-127.0.0.1] o.a.c.c.C.[Tomcat].[localhost].[/]       : Initializing Spring DispatcherServlet 'dispatcherServlet'
2026-04-24T17:37:20.767+05:30  INFO 22888 --- [usermanagment] [RMI TCP Connection(2)-127.0.0.1] o.s.web.servlet.DispatcherServlet        : Initializing Servlet 'dispatcherServlet'
2026-04-24T17:37:20.769+05:30  INFO 22888 --- [usermanagment] [RMI TCP Connection(2)-127.0.0.1] o.s.web.servlet.DispatcherServlet        : Completed initialization in 1 ms
2026-04-24T17:39:19.240+05:30  INFO 22888 --- [usermanagment] [http-nio-8080-exec-9] o.springdoc.api.AbstractOpenApiResource  : Init duration for springdoc-openapi is: 1308 ms
2026-04-24T17:42:27.819+05:30  INFO 1620 --- [usermanagment] [main] c.p.u.UsermanagmentApplication           : Starting UsermanagmentApplication using Java 21.0.8 with PID 1620 (D:\Second Project\usermanagment\target\classes started by kumar in D:\Second Project\usermanagment)
2026-04-24T17:42:27.822+05:30  INFO 1620 --- [usermanagment] [main] c.p.u.UsermanagmentApplication           : No active profile set, falling back to 1 default profile: "default"
2026-04-24T17:42:29.392+05:30  INFO 1620 --- [usermanagment] [main] .s.d.r.c.RepositoryConfigurationDelegate : Bootstrapping Spring Data JPA repositories in DEFAULT mode.
2026-04-24T17:42:29.506+05:30  INFO 1620 --- [usermanagment] [main] .s.d.r.c.RepositoryConfigurationDelegate : Finished Spring Data repository scanning in 85 ms. Found 2 JPA repository interfaces.
2026-04-24T17:42:30.904+05:30  INFO 1620 --- [usermanagment] [main] o.s.boot.tomcat.TomcatWebServer          : Tomcat initialized with port 8080 (http)
2026-04-24T17:42:30.944+05:30  INFO 1620 --- [usermanagment] [main] o.apache.catalina.core.StandardService   : Starting service [Tomcat]
2026-04-24T17:42:30.945+05:30  INFO 1620 --- [usermanagment] [main] o.apache.catalina.core.StandardEngine    : Starting Servlet engine: [Apache Tomcat/11.0.21]
2026-04-24T17:42:31.070+05:30  INFO 1620 --- [usermanagment] [main] b.w.c.s.WebApplicationContextInitializer : Root WebApplicationContext: initialization completed in 3193 ms
2026-04-24T17:42:31.790+05:30  INFO 1620 --- [usermanagment] [main] org.hibernate.orm.jpa                    : HHH008540: Processing PersistenceUnitInfo [name: default]
2026-04-24T17:42:31.842+05:30  INFO 1620 --- [usermanagment] [main] org.hibernate.orm.core                   : HHH000001: Hibernate ORM core version 7.2.12.Final
2026-04-24T17:42:32.203+05:30  INFO 1620 --- [usermanagment] [main] o.s.o.j.p.SpringPersistenceUnitInfo      : No LoadTimeWeaver setup: ignoring JPA class transformer
2026-04-24T17:42:32.231+05:30  INFO 1620 --- [usermanagment] [main] com.zaxxer.hikari.HikariDataSource       : HikariPool-1 - Starting...
2026-04-24T17:42:32.534+05:30  INFO 1620 --- [usermanagment] [main] com.zaxxer.hikari.pool.HikariPool        : HikariPool-1 - Added connection com.mysql.cj.jdbc.ConnectionImpl@7ea8224b
2026-04-24T17:42:32.536+05:30  INFO 1620 --- [usermanagment] [main] com.zaxxer.hikari.HikariDataSource       : HikariPool-1 - Start completed.
2026-04-24T17:42:32.596+05:30  WARN 1620 --- [usermanagment] [main] org.hibernate.orm.deprecation            : HHH90000025: MySQLDialect does not need to be specified explicitly using 'hibernate.dialect' (remove the property setting and it will be selected by default)
2026-04-24T17:42:32.614+05:30  INFO 1620 --- [usermanagment] [main] org.hibernate.orm.connections.pooling    : HHH10001005: Database info:
	Database JDBC URL [jdbc:mysql://localhost:3306/flightbooking]
	Database driver: MySQL Connector/J
	Database dialect: MySQLDialect
	Database version: 8.0.44
	Default catalog/schema: flightbooking/undefined
	Autocommit mode: undefined/unknown
	Isolation level: REPEATABLE_READ [default REPEATABLE_READ]
	JDBC fetch size: none
	Pool: DataSourceConnectionProvider
	Minimum pool size: undefined/unknown
	Maximum pool size: undefined/unknown
2026-04-24T17:42:33.537+05:30  INFO 1620 --- [usermanagment] [main] org.hibernate.orm.core                   : HHH000489: No JTA platform available (set 'hibernate.transaction.jta.platform' to enable JTA platform integration)
2026-04-24T17:42:33.632+05:30  INFO 1620 --- [usermanagment] [main] j.LocalContainerEntityManagerFactoryBean : Initialized JPA EntityManagerFactory for persistence unit 'default'
2026-04-24T17:42:33.703+05:30  INFO 1620 --- [usermanagment] [main] o.s.d.j.r.query.QueryEnhancerFactories   : Hibernate is in classpath; If applicable, HQL parser will be used.
2026-04-24T17:42:34.997+05:30  WARN 1620 --- [usermanagment] [main] JpaBaseConfiguration$JpaWebConfiguration : spring.jpa.open-in-view is enabled by default. Therefore, database queries may be performed during view rendering. Explicitly configure spring.jpa.open-in-view to disable this warning
2026-04-24T17:42:35.132+05:30  INFO 1620 --- [usermanagment] [main] eAuthenticationProviderManagerConfigurer : Global AuthenticationManager configured with AuthenticationProvider bean with name authenticationProvider
2026-04-24T17:42:35.132+05:30  WARN 1620 --- [usermanagment] [main] r$InitializeUserDetailsManagerConfigurer : Global AuthenticationManager configured with an AuthenticationProvider bean. UserDetailsService beans will not be used by Spring Security for automatically configuring username/password login. Consider removing the AuthenticationProvider bean. Alternatively, consider using the UserDetailsService in a manually instantiated DaoAuthenticationProvider. If the current configuration is intentional, to turn off this warning, increase the logging level of 'org.springframework.security.config.annotation.authentication.configuration.InitializeUserDetailsBeanManagerConfigurer' to ERROR
2026-04-24T17:42:36.047+05:30  INFO 1620 --- [usermanagment] [main] o.s.b.a.e.web.EndpointLinksResolver      : Exposing 1 endpoint beneath base path '/actuator'
2026-04-24T17:42:36.131+05:30  INFO 1620 --- [usermanagment] [main] o.s.boot.tomcat.TomcatWebServer          : Tomcat started on port 8080 (http) with context path '/'
2026-04-24T17:42:36.142+05:30  INFO 1620 --- [usermanagment] [main] c.p.u.UsermanagmentApplication           : Started UsermanagmentApplication in 8.832 seconds (process running for 9.672)
2026-04-24T17:42:36.148+05:30  WARN 1620 --- [usermanagment] [main] o.s.core.events.SpringDocAppInitializer  : SpringDoc /v3/api-docs endpoint is enabled by default. To disable it in production, set the property 'springdoc.api-docs.enabled=false'
2026-04-24T17:42:36.149+05:30  WARN 1620 --- [usermanagment] [main] o.s.core.events.SpringDocAppInitializer  : SpringDoc /swagger-ui.html endpoint is enabled by default. To disable it in production, set the property 'springdoc.swagger-ui.enabled=false'
2026-04-24T17:42:36.400+05:30  INFO 1620 --- [usermanagment] [RMI TCP Connection(2)-127.0.0.1] o.a.c.c.C.[Tomcat].[localhost].[/]       : Initializing Spring DispatcherServlet 'dispatcherServlet'
2026-04-24T17:42:36.400+05:30  INFO 1620 --- [usermanagment] [RMI TCP Connection(2)-127.0.0.1] o.s.web.servlet.DispatcherServlet        : Initializing Servlet 'dispatcherServlet'
2026-04-24T17:42:36.402+05:30  INFO 1620 --- [usermanagment] [RMI TCP Connection(2)-127.0.0.1] o.s.web.servlet.DispatcherServlet        : Completed initialization in 2 ms
2026-04-24T17:42:47.682+05:30  INFO 1620 --- [usermanagment] [http-nio-8080-exec-4] o.springdoc.api.AbstractOpenApiResource  : Init duration for springdoc-openapi is: 1205 ms
2026-04-24T17:43:29.879+05:30  INFO 1620 --- [usermanagment] [http-nio-8080-exec-2] c.p.u.c.U.publicUserController           : Login attempt for: priya.verma@example.com
2026-04-24T17:44:12.837+05:30  INFO 1620 --- [usermanagment] [http-nio-8080-exec-9] c.p.u.c.U.publicUserController           : Login attempt for: vijay.soni@example.com
2026-04-24T17:44:33.766+05:30  INFO 1620 --- [usermanagment] [http-nio-8080-exec-8] c.p.u.c.AdminController.AdminController  : Admin fetching all users
